2026-09-12-15:55:56 [main/INFO] [Launcher] Starting Copperbench 0.1.0 with MCreator core 2026.2.99999 - 202600299999
2026-09-12-15:55:56 [main/INFO] [Launcher] Java version: 25.0.2+10-b329.117, VM: OpenJDK 64-Bit Server VM, vendor: JetBrains s.r.o.
2026-09-12-15:55:56 [main/INFO] [Launcher] Current JAVA_HOME for running instance: /opt/copperbench/jdk
2026-09-12-15:55:56 [main/DEBUG] [Preferences Manager] Loading preferences from core
2026-09-12-15:55:56 [main/INFO] [Launcher] Installation path: /opt/copperbench
2026-09-12-15:55:56 [main/INFO] [Launcher] User data directory of Copperbench: /home/stage15/s16-cold-official2/home/.copperbench
2026-09-12-15:55:59 [Application-Loader/DEBUG] [Plugin Loader] Searching for plugins in: ./plugins
2026-09-12-15:55:59 [Application-Loader/DEBUG] [Plugin Loader] Searching for plugins in: /home/stage15/s16-cold-official2/home/.copperbench/plugins
2026-09-12-15:55:59 [Application-Loader/INFO] [Plugin Loader] Loading plugin: generator-26.2 from ./plugins/generator-26.2.zip, weight: 13
2026-09-12-15:55:59 [Application-Loader/INFO] [Plugin Loader] Loading plugin: generator-fabric-26.2 from ./plugins/generator-fabric-26.2.zip, weight: 12
2026-09-12-15:55:59 [Application-Loader/INFO] [Plugin Loader] Loading plugin: generator-fabric-26.1.2 from ./plugins/generator-fabric-26.1.2.zip, weight: 11
2026-09-12-15:55:59 [Application-Loader/INFO] [Plugin Loader] Loading plugin: themes from ./plugins/mcreator-themes.zip, weight: 10
2026-09-12-15:55:59 [Application-Loader/INFO] [Plugin Loader] Loading plugin: generator-1.20.1 from ./plugins/generator-1.20.1.zip, weight: 10
2026-09-12-15:55:59 [Application-Loader/INFO] [Plugin Loader] Loading plugin: core from ./plugins/mcreator-core.zip, weight: 10
2026-09-12-15:55:59 [Application-Loader/INFO] [Plugin Loader] Loading plugin: localization from ./plugins/mcreator-localization.zip, weight: 10
2026-09-12-15:55:59 [Application-Loader/INFO] [Plugin Loader] Loading plugin: generator-1.21.1 from ./plugins/generator-1.21.1.zip, weight: 0
2026-09-12-15:55:59 [Application-Loader/INFO] [Plugin Loader] Loading plugin: mcreator-link from ./plugins/mcreator-link.zip, weight: 0
2026-09-12-15:55:59 [Application-Loader/INFO] [Plugin Loader] Loading plugin: generator-26.1.x from ./plugins/generator-26.1.x.zip, weight: 0
2026-09-12-15:55:59 [Application-Loader/INFO] [Plugin Loader] Loading plugin: generator-addon-26.1x from ./plugins/generator-addon-26.1x.zip, weight: 0
2026-09-12-15:56:00 [Application-Loader/DEBUG] [Theme Loader] Loading UI themes
2026-09-12-15:56:00 [Application-Loader/INFO] [Theme Loader] Using MCreator UI theme: default_dark
2026-09-12-15:56:00 [Application-Loader/DEBUG] [net.mcreator.ui.chromium.WebView] Preloading CEF WebView
2026-09-12-15:56:00 [Application-Loader/INFO] [CEF] Initializing JCEF in OSR (60 FPS) mode
2026-09-12-15:56:00 [Application-Loader/DEBUG] [CEF] JCEF arguments: [--force-device-scale-factor=1.0, --disable-extensions, --disable-default-apps, --disable-sync, --disable-speech-api, --mute-audio, --disable-gaia-services, --force-renderer-accessibility=complete, --change-stack-guard-on-fork=disable, --disable-gpu-compositing, --disable-features=TranslateUI,WebUSB,SpareRendererForSitePerProcess,WebBluetooth,WebSerial,MediaRouter,NewUsbBackend,WebHID]
2026-09-12-15:56:00 [Application-Loader/DEBUG] [CEF] Deleting orphaned CEF cache folder /tmp/mcreator-cef-cache-4059862941249831204
2026-09-12-15:56:00 [AWT-EventQueue-0/DEBUG] [CEF] CefApp initialized (JCEF: 137.0.17.1142.68de80bc86de497c8d0632ad0f8fe33625b33bff, CEF: 137.0.17, Chromium: 137.0.7151.104)
2026-09-12-15:56:01 [Application-Loader/INFO] [L10N] Setting default locale to: en_US; OS locale: en_US
2026-09-12-15:56:02 [Application-Loader/DEBUG] [Data List Loader] Added damagesources datamap to cache
2026-09-12-15:56:02 [Application-Loader/DEBUG] [Data List Loader] Added potions datamap to cache
2026-09-12-15:56:02 [Application-Loader/DEBUG] [Data List Loader] Added itemtypes datamap to cache
2026-09-12-15:56:02 [Application-Loader/DEBUG] [Data List Loader] Added defaultfeatures datamap to cache
2026-09-12-15:56:02 [Application-Loader/DEBUG] [Data List Loader] Added configuredfeatures datamap to cache
2026-09-12-15:56:02 [Application-Loader/DEBUG] [Data List Loader] Added be_biometags datamap to cache
2026-09-12-15:56:02 [Application-Loader/DEBUG] [Data List Loader] Added blocksitems datamap to cache
2026-09-12-15:56:02 [Application-Loader/DEBUG] [Data List Loader] Added tabs datamap to cache
2026-09-12-15:56:02 [Application-Loader/DEBUG] [Data List Loader] Added projectiles datamap to cache
2026-09-12-15:56:02 [Application-Loader/DEBUG] [Data List Loader] Added gameevents datamap to cache
2026-09-12-15:56:02 [Application-Loader/DEBUG] [Data List Loader] Added itemuseanimations datamap to cache
2026-09-12-15:56:02 [Application-Loader/DEBUG] [Data List Loader] Added fluids datamap to cache
2026-09-12-15:56:02 [Application-Loader/DEBUG] [Data List Loader] Added planttypes datamap to cache
2026-09-12-15:56:02 [Application-Loader/DEBUG] [Data List Loader] Added gamemodes datamap to cache
2026-09-12-15:56:02 [Application-Loader/DEBUG] [Data List Loader] Added entities datamap to cache
2026-09-12-15:56:02 [Application-Loader/DEBUG] [Data List Loader] Added eventparameters datamap to cache
2026-09-12-15:56:02 [Application-Loader/DEBUG] [Data List Loader] Added attributes datamap to cache
2026-09-12-15:56:02 [Application-Loader/DEBUG] [Data List Loader] Added stepsounds datamap to cache
2026-09-12-15:56:02 [Application-Loader/DEBUG] [Data List Loader] Added biomes datamap to cache
2026-09-12-15:56:02 [Application-Loader/DEBUG] [Data List Loader] Added soundcategories datamap to cache
2026-09-12-15:56:02 [Application-Loader/DEBUG] [Data List Loader] Added blockstateproperties datamap to cache
2026-09-12-15:56:02 [Application-Loader/DEBUG] [Data List Loader] Added mapcolors datamap to cache
2026-09-12-15:56:02 [Application-Loader/DEBUG] [Data List Loader] Added pathnodetypes datamap to cache
2026-09-12-15:56:02 [Application-Loader/DEBUG] [Data List Loader] Added dimensions datamap to cache
2026-09-12-15:56:02 [Application-Loader/DEBUG] [Data List Loader] Added achievements datamap to cache
2026-09-12-15:56:02 [Application-Loader/DEBUG] [Data List Loader] Added enchantments datamap to cache
2026-09-12-15:56:02 [Application-Loader/DEBUG] [Data List Loader] Added particles datamap to cache
2026-09-12-15:56:02 [Application-Loader/DEBUG] [Data List Loader] Added directions datamap to cache
2026-09-12-15:56:02 [Application-Loader/DEBUG] [Data List Loader] Added equipmentslots datamap to cache
2026-09-12-15:56:02 [Application-Loader/DEBUG] [Data List Loader] Added gamerules datamap to cache
2026-09-12-15:56:02 [Application-Loader/DEBUG] [Data List Loader] Added noteblockinstruments datamap to cache
2026-09-12-15:56:02 [Application-Loader/DEBUG] [Data List Loader] Added keybuttons datamap to cache
2026-09-12-15:56:02 [Application-Loader/DEBUG] [Data List Loader] Added sounds datamap to cache
2026-09-12-15:56:02 [Application-Loader/DEBUG] [Data List Loader] Added mobspawntypes datamap to cache
2026-09-12-15:56:02 [Application-Loader/DEBUG] [Data List Loader] Added screens datamap to cache
2026-09-12-15:56:02 [Application-Loader/DEBUG] [Data List Loader] Added villagerprofessions datamap to cache
2026-09-12-15:56:02 [Application-Loader/DEBUG] [Data List Loader] Added be_biomes datamap to cache
2026-09-12-15:56:02 [Application-Loader/DEBUG] [Data List Loader] Added generationsteps datamap to cache
2026-09-12-15:56:02 [Application-Loader/DEBUG] [Data List Loader] Added effects datamap to cache
2026-09-12-15:56:02 [Application-Loader/DEBUG] [Data List Loader] Added itemproperties datamap to cache
2026-09-12-15:56:02 [Application-Loader/DEBUG] [Data List Loader] Added structures datamap to cache
2026-09-12-15:56:02 [Application-Loader/DEBUG] [Data List Loader] Added suggestionproviders datamap to cache
2026-09-12-15:56:02 [Application-Loader/DEBUG] [Data List Loader] Added animations datamap to cache
2026-09-12-15:56:02 [Application-Loader/DEBUG] [Mod API manager] Loaded mod API definition: mcreator_link
2026-09-12-15:56:02 [Application-Loader/DEBUG] [Variable loader] Loading variable types
2026-09-12-15:56:02 [Application-Loader/DEBUG] [Blockly JavaScript Files loader] Loading Blockly JavaScript files from plugins
2026-09-12-15:56:02 [Application-Loader/DEBUG] [Blockly Toolboxes loader] Loading Blockly toolboxes from plugins
2026-09-12-15:56:02 [Application-Loader/DEBUG] [Blockly loader] Loading blocks for procedures
2026-09-12-15:56:02 [Application-Loader/DEBUG] [Blockly loader] Loading blocks for aitasks
2026-09-12-15:56:02 [Application-Loader/DEBUG] [Blockly loader] Loading blocks for jsontriggers
2026-09-12-15:56:02 [Application-Loader/DEBUG] [Blockly loader] Loading blocks for cmdargs
2026-09-12-15:56:02 [Application-Loader/DEBUG] [Blockly loader] Loading blocks for features
2026-09-12-15:56:02 [Application-Loader/DEBUG] [Blockly loader] Loading blocks for scripts
2026-09-12-15:56:02 [Application-Loader/DEBUG] [Blockly loader] Loading blocks for enchantmenteffects
2026-09-12-15:56:02 [Application-Loader/DEBUG] [Entity Animations Loader] Loading entity animations
2026-09-12-15:56:02 [Application-Loader/INFO] [Application] Loading generator: addon-26.1x/generator.yaml
2026-09-12-15:56:03 [Application-Loader/INFO] [Application] Loading generator: datapack-1.20.1/generator.yaml
2026-09-12-15:56:03 [Application-Loader/DEBUG] [Data List Loader] Added features datamap to cache
2026-09-12-15:56:03 [Application-Loader/INFO] [Application] Loading generator: datapack-1.21.1/generator.yaml
2026-09-12-15:56:03 [Application-Loader/INFO] [Application] Loading generator: datapack-26.1.x/generator.yaml
2026-09-12-15:56:03 [Application-Loader/INFO] [Application] Loading generator: fabric-1.20.1/generator.yaml
2026-09-12-15:56:03 [Application-Loader/DEBUG] [Data List Loader] Added types datamap to cache
2026-09-12-15:56:03 [Application-Loader/INFO] [Application] Loading generator: fabric-1.21.1/generator.yaml
2026-09-12-15:56:03 [Application-Loader/INFO] [Application] Loading generator: fabric-26.1.2/generator.yaml
2026-09-12-15:56:03 [Application-Loader/INFO] [Application] Loading generator: fabric-26.2/generator.yaml
2026-09-12-15:56:03 [Application-Loader/INFO] [Application] Loading generator: neoforge-1.20.1/generator.yaml
2026-09-12-15:56:03 [Application-Loader/INFO] [Application] Loading generator: neoforge-1.21.1/generator.yaml
2026-09-12-15:56:03 [Application-Loader/INFO] [Application] Loading generator: neoforge-26.1.2/generator.yaml
2026-09-12-15:56:03 [Application-Loader/INFO] [Application] Loading generator: neoforge-26.2/generator.yaml
2026-09-12-15:56:03 [Application-Loader/INFO] [Application] Loading generator: resourcepack-1.21.1/generator.yaml
2026-09-12-15:56:03 [Application-Loader/INFO] [Application] Loading generator: resourcepack-26.1.x/generator.yaml
2026-09-12-15:56:04 [Application-Loader/DEBUG] [Application] Application loader finished
2026-09-12-15:56:04 [AWT-EventQueue-0/DEBUG] [net.mcreator.workspace.localhistory.GitHistoryBackend] Loading local history repository
2026-09-12-15:56:04 [AWT-EventQueue-0/INFO] [Generator fabric-1.21.1] Gradle cache will be loaded from cache file
2026-09-12-15:56:04 [AWT-EventQueue-0/DEBUG] [net.mcreator.java.ProjectJarManager] Loading JVM Eclipse Adoptium 21.0.12 info from /opt/copperbench/jdk21
2026-09-12-15:56:04 [AWT-EventQueue-0/DEBUG] [net.mcreator.java.ProjectJarManager] Loaded JVM info of type ModulesFileLibraryInfo
2026-09-12-15:56:04 [GitHistoryBackend/DEBUG] [net.mcreator.workspace.localhistory.GitHistoryBackend] Initialized local history repository in 238 ms
2026-09-12-15:56:05 [AWT-EventQueue-0/INFO] [Workspace] Loaded workspace file /home/stage15/s16-cold-official2/workspace/stage16_cold.mcreator
2026-09-12-15:56:05 [AWT-EventQueue-0/INFO] [MCreator] Opening MCreator workspace: stage16_cold
2026-09-12-15:56:06 [AWT-EventQueue-0/ERROR] [STDERR] Sep 12, 2026 3:56:06 PM org.apache.coyote.AbstractProtocol init
INFO: Initializing ProtocolHandler ["http-nio-127.0.0.1-auto-1"]
2026-09-12-15:56:06 [AWT-EventQueue-0/ERROR] [STDERR] Sep 12, 2026 3:56:06 PM org.apache.catalina.core.StandardService startInternal
INFO: Starting service [Tomcat]
2026-09-12-15:56:06 [AWT-EventQueue-0/ERROR] [STDERR] Sep 12, 2026 3:56:06 PM org.apache.catalina.core.StandardEngine startInternal
INFO: Starting Servlet engine: [Apache Tomcat/11.0.2]
2026-09-12-15:56:07 [AWT-EventQueue-0/ERROR] [STDERR] Sep 12, 2026 3:56:07 PM org.apache.coyote.AbstractProtocol start
INFO: Starting ProtocolHandler ["http-nio-127.0.0.1-auto-1-36897"]
2026-09-12-15:56:07 [AWT-EventQueue-0/INFO] [MCreator] Copperbench product shell enabled for workspace stage16_cold
2026-09-12-15:56:34 [Workspace-File-Manager/DEBUG] [Workspace File Manager/STAGE16_COLD] Workspace stored on the FS
2026-09-12-15:57:30 [AWT-EventQueue-0/INFO] [MCreator] Closing MCreator window ...
2026-09-12-15:57:30 [AWT-EventQueue-0/ERROR] [STDERR] Sep 12, 2026 3:57:30 PM org.apache.coyote.AbstractProtocol pause
INFO: Pausing ProtocolHandler ["http-nio-127.0.0.1-auto-1-36897"]
2026-09-12-15:57:30 [AWT-EventQueue-0/ERROR] [STDERR] Sep 12, 2026 3:57:30 PM org.apache.catalina.core.StandardService stopInternal
INFO: Stopping service [Tomcat]
2026-09-12-15:57:31 [AWT-EventQueue-0/ERROR] [STDERR] Sep 12, 2026 3:57:31 PM org.apache.coyote.AbstractProtocol stop
INFO: Stopping ProtocolHandler ["http-nio-127.0.0.1-auto-1-36897"]
2026-09-12-15:57:31 [AWT-EventQueue-0/ERROR] [STDERR] Sep 12, 2026 3:57:31 PM org.apache.coyote.AbstractProtocol destroy
INFO: Destroying ProtocolHandler ["http-nio-127.0.0.1-auto-1-36897"]
2026-09-12-15:57:31 [AWT-EventQueue-0/INFO] [Workspace] Closing workspace
2026-09-12-15:57:31 [AWT-EventQueue-0/INFO] [Workspace File Manager/STAGE16_COLD] Saving the workspace by direct request
2026-09-12-15:57:31 [AWT-EventQueue-0/DEBUG] [Workspace File Manager/STAGE16_COLD] Workspace stored on the FS
2026-09-12-15:57:31 [AWT-EventQueue-0/DEBUG] [Workspace user settings] Storing user workspace settings
2026-09-12-15:57:31 [AWT-EventQueue-0/DEBUG] [Application] Closing any potentially open MCreator windows
2026-09-12-15:57:31 [AWT-EventQueue-0/DEBUG] [Application] Performing exit tasks
2026-09-12-15:57:31 [AWT-EventQueue-0/DEBUG] [Application] Stopping AWT thread
2026-09-12-15:57:32 [AWT-EventQueue-0/DEBUG] [Application] Exiting Copperbench
