Picked up JAVA_TOOL_OPTIONS: -Djdk.net.unixdomain.tmpdir=D:\AICoding\Minecraft_ModCreator\.tmp\stage15-linux\jdk\jbr25_win_64\bin\java.exe
To honour the JVM settings for this build a single-use Daemon process will be forked. For more on this, please refer to https://docs.gradle.org/9.6.0/userguide/gradle_daemon.html#sec:disabling_the_daemon in the Gradle documentation.
Daemon will be stopped at the end of the build 
Path for java installation 'D:\AICoding\Minecraft_ModCreator\.tmp\stage15-linux\jdk\jbr25_linux_64' (Gradle property 'org.gradle.java.installations.paths') does not contain a java executable
Directory 'D:\AICoding\Minecraft_ModCreator\.tmp\stage15-linux\jdk\jbr25_mac_x64\Contents\Home' (Gradle property 'org.gradle.java.installations.paths') used for java installations does not exist
Directory 'D:\AICoding\Minecraft_ModCreator\.tmp\stage15-linux\jdk\jbr25_mac_aarch64\Contents\Home' (Gradle property 'org.gradle.java.installations.paths') used for java installations does not exist
> Task :downloadJDK21Linux64
> Task :downloadJDKLinux64
> Task :cleanupPlugins
> Task :export_plugin_generator-1201
> Task :export_plugin_generator-1211
> Task :export_plugin_generator-261x
> Task :export_plugin_generator-262
> Task :export_plugin_generator-addon-261x
> Task :export_plugin_generator-fabric-2612
> Task :export_plugin_generator-fabric-262
> Task :export_plugin_mcreator-core
> Task :export_plugin_mcreator-link
> Task :export_plugin_mcreator-localization
> Task :export_plugin_mcreator-themes
> Task :exportPlugins
> Task :compileGradleBridgeJava UP-TO-DATE
> Task :processGradleBridgeResources NO-SOURCE
> Task :gradleBridgeClasses UP-TO-DATE
> Task :compileJava UP-TO-DATE
> Task :buildUiShell UP-TO-DATE
> Task :processResources UP-TO-DATE
> Task :classes UP-TO-DATE
> Task :localIpcAgentJar UP-TO-DATE
> Task :jar UP-TO-DATE
> Task :prepareLinuxGradleDistPool SKIPPED

> Task :writeLinuxCandidateManifest
Picked up JAVA_TOOL_OPTIONS: -Djdk.net.unixdomain.tmpdir=D:\AICoding\Minecraft_ModCreator\.tmp\stage15-linux\jdk\jbr25_win_64\bin\java.exe

> Task :exportLinux64
> Task :tarLinux64
> Task :prepareDebLinux64

[Incubating] Problems report is available at: file:///D:/AICoding/Minecraft_ModCreator/.tmp/stage15-linux/build/reports/problems/problems-report.html

Deprecated Gradle features were used in this build, making it incompatible with Gradle 10.

You can use '--warning-mode all' to show the individual deprecation warnings and determine if they come from your own scripts or plugins.

For more on this, please refer to https://docs.gradle.org/9.6.0/userguide/command_line_interface.html#sec:command_line_warnings in the Gradle documentation.

BUILD SUCCESSFUL in 1m 49s
24 actionable tasks: 18 executed, 6 up-to-date
