Picked up JAVA_TOOL_OPTIONS: -Dhttps.proxyHost=127.0.0.1 -Dhttps.proxyPort=23067 -Dhttp.proxyHost=127.0.0.1 -Dhttp.proxyPort=23067
[37m2026-09-10-23:06:38[m [32m[main/INFO][m [34m[Launcher][m Starting Copperbench 0.1.0 with MCreator core 2026.2.99999 - 202600299999
[37m2026-09-10-23:06:38[m [32m[main/INFO][m [34m[Launcher][m Java version: 25.0.2+10-b329.117, VM: OpenJDK 64-Bit Server VM, vendor: JetBrains s.r.o.
[37m2026-09-10-23:06:38[m [32m[main/INFO][m [34m[Launcher][m Current JAVA_HOME for running instance: /opt/copperbench/jdk
[37m2026-09-10-23:06:38[m [36m[main/DEBUG][m [34m[Preferences Manager][m Loading preferences from core
[37m2026-09-10-23:06:38[m [32m[main/INFO][m [34m[Launcher][m Installation path: /opt/copperbench
[37m2026-09-10-23:06:38[m [32m[main/INFO][m [34m[Launcher][m User data directory of Copperbench: /home/stage15/.local/share/copperbench
[37m2026-09-10-23:06:40[m [36m[Application-Loader/DEBUG][m [34m[Plugin Loader][m Searching for plugins in: ./plugins
[37m2026-09-10-23:06:40[m [36m[Application-Loader/DEBUG][m [34m[Plugin Loader][m Searching for plugins in: /home/stage15/.local/share/copperbench/plugins
[37m2026-09-10-23:06:40[m [32m[Application-Loader/INFO][m [34m[Plugin Loader][m Loading plugin: generator-26.2 from ./plugins/generator-26.2.zip, weight: 13
[37m2026-09-10-23:06:40[m [32m[Application-Loader/INFO][m [34m[Plugin Loader][m Loading plugin: generator-fabric-26.2 from ./plugins/generator-fabric-26.2.zip, weight: 12
[37m2026-09-10-23:06:40[m [32m[Application-Loader/INFO][m [34m[Plugin Loader][m Loading plugin: generator-fabric-26.1.2 from ./plugins/generator-fabric-26.1.2.zip, weight: 11
[37m2026-09-10-23:06:40[m [32m[Application-Loader/INFO][m [34m[Plugin Loader][m Loading plugin: themes from ./plugins/mcreator-themes.zip, weight: 10
[37m2026-09-10-23:06:40[m [32m[Application-Loader/INFO][m [34m[Plugin Loader][m Loading plugin: generator-1.20.1 from ./plugins/generator-1.20.1.zip, weight: 10
[37m2026-09-10-23:06:40[m [32m[Application-Loader/INFO][m [34m[Plugin Loader][m Loading plugin: core from ./plugins/mcreator-core.zip, weight: 10
[37m2026-09-10-23:06:40[m [32m[Application-Loader/INFO][m [34m[Plugin Loader][m Loading plugin: localization from ./plugins/mcreator-localization.zip, weight: 10
[37m2026-09-10-23:06:40[m [32m[Application-Loader/INFO][m [34m[Plugin Loader][m Loading plugin: generator-1.21.1 from ./plugins/generator-1.21.1.zip, weight: 0
[37m2026-09-10-23:06:40[m [32m[Application-Loader/INFO][m [34m[Plugin Loader][m Loading plugin: mcreator-link from ./plugins/mcreator-link.zip, weight: 0
[37m2026-09-10-23:06:40[m [32m[Application-Loader/INFO][m [34m[Plugin Loader][m Loading plugin: generator-26.1.x from ./plugins/generator-26.1.x.zip, weight: 0
[37m2026-09-10-23:06:40[m [32m[Application-Loader/INFO][m [34m[Plugin Loader][m Loading plugin: generator-addon-26.1x from ./plugins/generator-addon-26.1x.zip, weight: 0
[37m2026-09-10-23:06:40[m [36m[Application-Loader/DEBUG][m [34m[Theme Loader][m Loading UI themes
[37m2026-09-10-23:06:40[m [32m[Application-Loader/INFO][m [34m[Theme Loader][m Using MCreator UI theme: default_dark
[37m2026-09-10-23:06:40[m [36m[Application-Loader/DEBUG][m [34m[net.mcreator.ui.chromium.WebView][m Preloading CEF WebView
[37m2026-09-10-23:06:40[m [32m[Application-Loader/INFO][m [34m[CEF][m Initializing JCEF in OSR (60 FPS) mode
[37m2026-09-10-23:06:40[m [36m[Application-Loader/DEBUG][m [34m[CEF][m JCEF arguments: [--force-device-scale-factor=1.0, --disable-extensions, --disable-default-apps, --disable-sync, --disable-speech-api, --mute-audio, --disable-gaia-services, --force-renderer-accessibility=complete, --change-stack-guard-on-fork=disable, --disable-gpu-compositing, --disable-features=TranslateUI,WebUSB,SpareRendererForSitePerProcess,WebBluetooth,WebSerial,MediaRouter,NewUsbBackend,WebHID]
[37m2026-09-10-23:06:40[m [36m[Application-Loader/DEBUG][m [34m[CEF][m Deleting orphaned CEF cache folder /tmp/mcreator-cef-cache-5728473269412639383
[11346:11346:0910/230640.633260:ERROR:components/viz/service/main/viz_main_impl.cc:183] Exiting GPU process due to errors during initialization
[37m2026-09-10-23:06:40[m [36m[AWT-EventQueue-0/DEBUG][m [34m[CEF][m CefApp initialized (JCEF: 137.0.17.1142.68de80bc86de497c8d0632ad0f8fe33625b33bff, CEF: 137.0.17, Chromium: 137.0.7151.104)
[11388:11388:0910/230640.706908:ERROR:components/viz/service/main/viz_main_impl.cc:183] Exiting GPU process due to errors during initialization
[37m2026-09-10-23:06:41[m [32m[Application-Loader/INFO][m [34m[L10N][m Setting default locale to: en_US; OS locale: en_US
[37m2026-09-10-23:06:41[m [36m[Application-Loader/DEBUG][m [34m[Data List Loader][m Added damagesources datamap to cache
[37m2026-09-10-23:06:41[m [36m[Application-Loader/DEBUG][m [34m[Data List Loader][m Added potions datamap to cache
[37m2026-09-10-23:06:41[m [36m[Application-Loader/DEBUG][m [34m[Data List Loader][m Added itemtypes datamap to cache
[37m2026-09-10-23:06:41[m [36m[Application-Loader/DEBUG][m [34m[Data List Loader][m Added defaultfeatures datamap to cache
[37m2026-09-10-23:06:41[m [36m[Application-Loader/DEBUG][m [34m[Data List Loader][m Added configuredfeatures datamap to cache
[37m2026-09-10-23:06:41[m [36m[Application-Loader/DEBUG][m [34m[Data List Loader][m Added be_biometags datamap to cache
[37m2026-09-10-23:06:41[m [36m[Application-Loader/DEBUG][m [34m[Data List Loader][m Added blocksitems datamap to cache
[37m2026-09-10-23:06:41[m [36m[Application-Loader/DEBUG][m [34m[Data List Loader][m Added tabs datamap to cache
[37m2026-09-10-23:06:41[m [36m[Application-Loader/DEBUG][m [34m[Data List Loader][m Added projectiles datamap to cache
[37m2026-09-10-23:06:41[m [36m[Application-Loader/DEBUG][m [34m[Data List Loader][m Added gameevents datamap to cache
[37m2026-09-10-23:06:41[m [36m[Application-Loader/DEBUG][m [34m[Data List Loader][m Added itemuseanimations datamap to cache
[37m2026-09-10-23:06:41[m [36m[Application-Loader/DEBUG][m [34m[Data List Loader][m Added fluids datamap to cache
[37m2026-09-10-23:06:41[m [36m[Application-Loader/DEBUG][m [34m[Data List Loader][m Added planttypes datamap to cache
[37m2026-09-10-23:06:41[m [36m[Application-Loader/DEBUG][m [34m[Data List Loader][m Added gamemodes datamap to cache
[37m2026-09-10-23:06:41[m [36m[Application-Loader/DEBUG][m [34m[Data List Loader][m Added entities datamap to cache
[37m2026-09-10-23:06:41[m [36m[Application-Loader/DEBUG][m [34m[Data List Loader][m Added eventparameters datamap to cache
[37m2026-09-10-23:06:41[m [36m[Application-Loader/DEBUG][m [34m[Data List Loader][m Added attributes datamap to cache
[37m2026-09-10-23:06:41[m [36m[Application-Loader/DEBUG][m [34m[Data List Loader][m Added stepsounds datamap to cache
[37m2026-09-10-23:06:41[m [36m[Application-Loader/DEBUG][m [34m[Data List Loader][m Added biomes datamap to cache
[37m2026-09-10-23:06:41[m [36m[Application-Loader/DEBUG][m [34m[Data List Loader][m Added soundcategories datamap to cache
[37m2026-09-10-23:06:41[m [36m[Application-Loader/DEBUG][m [34m[Data List Loader][m Added blockstateproperties datamap to cache
[37m2026-09-10-23:06:41[m [36m[Application-Loader/DEBUG][m [34m[Data List Loader][m Added mapcolors datamap to cache
[37m2026-09-10-23:06:41[m [36m[Application-Loader/DEBUG][m [34m[Data List Loader][m Added pathnodetypes datamap to cache
[37m2026-09-10-23:06:41[m [36m[Application-Loader/DEBUG][m [34m[Data List Loader][m Added dimensions datamap to cache
[37m2026-09-10-23:06:41[m [36m[Application-Loader/DEBUG][m [34m[Data List Loader][m Added achievements datamap to cache
[37m2026-09-10-23:06:41[m [36m[Application-Loader/DEBUG][m [34m[Data List Loader][m Added enchantments datamap to cache
[37m2026-09-10-23:06:41[m [36m[Application-Loader/DEBUG][m [34m[Data List Loader][m Added particles datamap to cache
[37m2026-09-10-23:06:41[m [36m[Application-Loader/DEBUG][m [34m[Data List Loader][m Added directions datamap to cache
[37m2026-09-10-23:06:41[m [36m[Application-Loader/DEBUG][m [34m[Data List Loader][m Added equipmentslots datamap to cache
[37m2026-09-10-23:06:41[m [36m[Application-Loader/DEBUG][m [34m[Data List Loader][m Added gamerules datamap to cache
[37m2026-09-10-23:06:41[m [36m[Application-Loader/DEBUG][m [34m[Data List Loader][m Added noteblockinstruments datamap to cache
[37m2026-09-10-23:06:41[m [36m[Application-Loader/DEBUG][m [34m[Data List Loader][m Added keybuttons datamap to cache
[37m2026-09-10-23:06:41[m [36m[Application-Loader/DEBUG][m [34m[Data List Loader][m Added sounds datamap to cache
[37m2026-09-10-23:06:41[m [36m[Application-Loader/DEBUG][m [34m[Data List Loader][m Added mobspawntypes datamap to cache
[37m2026-09-10-23:06:41[m [36m[Application-Loader/DEBUG][m [34m[Data List Loader][m Added screens datamap to cache
[37m2026-09-10-23:06:41[m [36m[Application-Loader/DEBUG][m [34m[Data List Loader][m Added villagerprofessions datamap to cache
[37m2026-09-10-23:06:41[m [36m[Application-Loader/DEBUG][m [34m[Data List Loader][m Added be_biomes datamap to cache
[37m2026-09-10-23:06:41[m [36m[Application-Loader/DEBUG][m [34m[Data List Loader][m Added generationsteps datamap to cache
[37m2026-09-10-23:06:41[m [36m[Application-Loader/DEBUG][m [34m[Data List Loader][m Added effects datamap to cache
[37m2026-09-10-23:06:41[m [36m[Application-Loader/DEBUG][m [34m[Data List Loader][m Added itemproperties datamap to cache
[37m2026-09-10-23:06:41[m [36m[Application-Loader/DEBUG][m [34m[Data List Loader][m Added structures datamap to cache
[37m2026-09-10-23:06:41[m [36m[Application-Loader/DEBUG][m [34m[Data List Loader][m Added suggestionproviders datamap to cache
[37m2026-09-10-23:06:41[m [36m[Application-Loader/DEBUG][m [34m[Data List Loader][m Added animations datamap to cache
[37m2026-09-10-23:06:41[m [36m[Application-Loader/DEBUG][m [34m[Mod API manager][m Loaded mod API definition: mcreator_link
[37m2026-09-10-23:06:41[m [36m[Application-Loader/DEBUG][m [34m[Variable loader][m Loading variable types
[37m2026-09-10-23:06:41[m [36m[Application-Loader/DEBUG][m [34m[Blockly JavaScript Files loader][m Loading Blockly JavaScript files from plugins
[37m2026-09-10-23:06:41[m [36m[Application-Loader/DEBUG][m [34m[Blockly Toolboxes loader][m Loading Blockly toolboxes from plugins
[37m2026-09-10-23:06:41[m [36m[Application-Loader/DEBUG][m [34m[Blockly loader][m Loading blocks for procedures
[37m2026-09-10-23:06:41[m [36m[Application-Loader/DEBUG][m [34m[Blockly loader][m Loading blocks for aitasks
[37m2026-09-10-23:06:41[m [36m[Application-Loader/DEBUG][m [34m[Blockly loader][m Loading blocks for jsontriggers
[37m2026-09-10-23:06:41[m [36m[Application-Loader/DEBUG][m [34m[Blockly loader][m Loading blocks for cmdargs
[37m2026-09-10-23:06:41[m [36m[Application-Loader/DEBUG][m [34m[Blockly loader][m Loading blocks for features
[37m2026-09-10-23:06:41[m [36m[Application-Loader/DEBUG][m [34m[Blockly loader][m Loading blocks for scripts
[37m2026-09-10-23:06:41[m [36m[Application-Loader/DEBUG][m [34m[Blockly loader][m Loading blocks for enchantmenteffects
[37m2026-09-10-23:06:41[m [36m[Application-Loader/DEBUG][m [34m[Entity Animations Loader][m Loading entity animations
[37m2026-09-10-23:06:41[m [32m[Application-Loader/INFO][m [34m[Application][m Loading generator: addon-26.1x/generator.yaml
[37m2026-09-10-23:06:41[m [32m[Application-Loader/INFO][m [34m[Application][m Loading generator: datapack-1.20.1/generator.yaml
[37m2026-09-10-23:06:41[m [36m[Application-Loader/DEBUG][m [34m[Data List Loader][m Added features datamap to cache
[37m2026-09-10-23:06:41[m [32m[Application-Loader/INFO][m [34m[Application][m Loading generator: datapack-1.21.1/generator.yaml
[37m2026-09-10-23:06:41[m [32m[Application-Loader/INFO][m [34m[Application][m Loading generator: datapack-26.1.x/generator.yaml
[37m2026-09-10-23:06:41[m [32m[Application-Loader/INFO][m [34m[Application][m Loading generator: fabric-1.20.1/generator.yaml
[37m2026-09-10-23:06:41[m [36m[Application-Loader/DEBUG][m [34m[Data List Loader][m Added types datamap to cache
[37m2026-09-10-23:06:41[m [32m[Application-Loader/INFO][m [34m[Application][m Loading generator: fabric-1.21.1/generator.yaml
[37m2026-09-10-23:06:42[m [32m[Application-Loader/INFO][m [34m[Application][m Loading generator: fabric-26.1.2/generator.yaml
[37m2026-09-10-23:06:42[m [32m[Application-Loader/INFO][m [34m[Application][m Loading generator: fabric-26.2/generator.yaml
[37m2026-09-10-23:06:42[m [32m[Application-Loader/INFO][m [34m[Application][m Loading generator: neoforge-1.20.1/generator.yaml
[37m2026-09-10-23:06:42[m [32m[Application-Loader/INFO][m [34m[Application][m Loading generator: neoforge-1.21.1/generator.yaml
[37m2026-09-10-23:06:42[m [32m[Application-Loader/INFO][m [34m[Application][m Loading generator: neoforge-26.1.2/generator.yaml
[37m2026-09-10-23:06:42[m [32m[Application-Loader/INFO][m [34m[Application][m Loading generator: neoforge-26.2/generator.yaml
[37m2026-09-10-23:06:42[m [32m[Application-Loader/INFO][m [34m[Application][m Loading generator: resourcepack-1.21.1/generator.yaml
[37m2026-09-10-23:06:42[m [32m[Application-Loader/INFO][m [34m[Application][m Loading generator: resourcepack-26.1.x/generator.yaml
[37m2026-09-10-23:06:42[m [36m[Application-Loader/DEBUG][m [34m[Application][m Application loader finished
[37m2026-09-10-23:06:42[m [36m[AWT-EventQueue-0/DEBUG][m [34m[net.mcreator.workspace.localhistory.GitHistoryBackend][m Loading local history repository
[37m2026-09-10-23:06:42[m [32m[AWT-EventQueue-0/INFO][m [34m[Generator fabric-1.21.1][m Gradle cache will be loaded from cache file
[37m2026-09-10-23:06:42[m [36m[AWT-EventQueue-0/DEBUG][m [34m[net.mcreator.java.ProjectJarManager][m Loading JVM Eclipse Adoptium 21.0.12 info from /home/stage15/stage15-run30/extracted-deb/opt/copperbench/jdk21
[37m2026-09-10-23:06:42[m [36m[AWT-EventQueue-0/DEBUG][m [34m[net.mcreator.java.ProjectJarManager][m Loaded JVM info of type ModulesFileLibraryInfo
[37m2026-09-10-23:06:42[m [36m[GitHistoryBackend/DEBUG][m [34m[net.mcreator.workspace.localhistory.GitHistoryBackend][m Initialized local history repository in 231 ms
[37m2026-09-10-23:06:43[m [32m[AWT-EventQueue-0/INFO][m [34m[Workspace][m Loaded workspace file /home/stage15/MCreatorWorkspaces/stage15-fabric-run33-agent/stage15_fabric_wayland.mcreator
[37m2026-09-10-23:06:43[m [32m[AWT-EventQueue-0/INFO][m [34m[MCreator][m Opening MCreator workspace: stage15_fabric_wayland
[37m2026-09-10-23:06:43[m [1;31m[AWT-EventQueue-0/ERROR][m [34m[STDERR][m Sep 10, 2026 11:06:43 PM org.apache.coyote.AbstractProtocol init
INFO: Initializing ProtocolHandler ["http-nio-127.0.0.1-auto-1"]
[37m2026-09-10-23:06:43[m [1;31m[AWT-EventQueue-0/ERROR][m [34m[STDERR][m Sep 10, 2026 11:06:43 PM org.apache.catalina.core.StandardService startInternal
INFO: Starting service [Tomcat]
[37m2026-09-10-23:06:43[m [1;31m[AWT-EventQueue-0/ERROR][m [34m[STDERR][m Sep 10, 2026 11:06:43 PM org.apache.catalina.core.StandardEngine startInternal
INFO: Starting Servlet engine: [Apache Tomcat/11.0.2]
[37m2026-09-10-23:06:44[m [1;31m[AWT-EventQueue-0/ERROR][m [34m[STDERR][m Sep 10, 2026 11:06:44 PM org.apache.coyote.AbstractProtocol start
INFO: Starting ProtocolHandler ["http-nio-127.0.0.1-auto-1-46329"]
[37m2026-09-10-23:06:44[m [32m[AWT-EventQueue-0/INFO][m [34m[MCreator][m Copperbench product shell enabled for workspace stage15_fabric_wayland
[11349:11355:0910/230705.136080:ERROR:net/socket/ssl_client_socket_impl.cc:878] handshake failed; returned -1, SSL error code 1, net_error -101
[37m2026-09-10-23:07:12[m [36m[Workspace-File-Manager/DEBUG][m [34m[Workspace File Manager/STAGE15_FABRIC_WAYLAND][m Workspace stored on the FS
[11349:11355:0910/230815.615026:ERROR:net/socket/ssl_client_socket_impl.cc:878] handshake failed; returned -1, SSL error code 1, net_error -101
[12209:12209:0910/230940.655650:ERROR:services/on_device_model/ml/gpu_blocklist.cc:120] Unable to get gpu adapter
[11267:11325:0910/230940.656406:ERROR:services/on_device_model/public/cpp/service_client.cc:36] Unexpected on_device_model service disconnect: The device's GPU is not supported.
[37m2026-09-10-23:11:46[m [36m[Thread-2200/DEBUG][m [34m[net.mcreator.workspace.localhistory.GitHistoryBackend][m Loading local history repository
[37m2026-09-10-23:11:46[m [32m[Thread-2200/INFO][m [34m[Workspace File Manager/STAGE15_RUN37_UI][m Saving the workspace by direct request
[37m2026-09-10-23:11:46[m [36m[Thread-2200/DEBUG][m [34m[Workspace File Manager/STAGE15_RUN37_UI][m Workspace stored on the FS
[37m2026-09-10-23:11:46[m [32m[Thread-2200/INFO][m [34m[Workspace][m Created new workspace with workspace file /home/stage15/MCreatorWorkspaces/stage15_run37_ui/stage15_run37_ui.mcreator, modid: stage15_run37_ui, generator: fabric-1.21.1
[37m2026-09-10-23:11:46[m [36m[GitHistoryBackend/DEBUG][m [34m[net.mcreator.workspace.localhistory.GitHistoryBackend][m Initialized local history repository in 18 ms
[37m2026-09-10-23:11:46[m [32m[Thread-2200/INFO][m [34m[dev.copperbench.generator.BundledJdkLocator][m Bundled JDK resolved: distributionRoot=/opt/copperbench, javaRelease=21, resolvedJavaHome=/opt/copperbench/jdk21, attempted=[/opt/copperbench/jdk21], java.home=/opt/copperbench/jdk, user.dir=/opt/copperbench
[37m2026-09-10-23:11:46[m [33m[Thread-2200/WARN][m [34m[net.mcreator.gradle.GradleUtils][m Using java home override specified by users!
[37m2026-09-10-23:12:13[m [32m[Thread-2200/INFO][m [34m[Generator fabric-1.21.1][m Reloading generator Gradle cache
[37m2026-09-10-23:12:13[m [33m[Thread-2200/WARN][m [34m[net.mcreator.gradle.GradleUtils][m Using java home override specified by users!
[37m2026-09-10-23:12:15[m [36m[Thread-2200/DEBUG][m [34m[net.mcreator.java.ProjectJarManager][m Processing classpath for project stage15_run37_ui
[37m2026-09-10-23:12:15[m [33m[Thread-2200/WARN][m [34m[net.mcreator.gradle.GradleUtils][m Using java home override specified by users!
[37m2026-09-10-23:12:16[m [36m[Thread-2200/DEBUG][m [34m[net.mcreator.java.ProjectJarManager][m Loading JVM Eclipse Adoptium 21.0.12 info from /opt/copperbench/jdk21
[37m2026-09-10-23:12:16[m [36m[Thread-2200/DEBUG][m [34m[net.mcreator.java.ProjectJarManager][m Loaded JVM info of type ModulesFileLibraryInfo
[37m2026-09-10-23:12:18[m [32m[Thread-2200/INFO][m [34m[Workspace][m Closing workspace
[37m2026-09-10-23:12:18[m [32m[Thread-2200/INFO][m [34m[Generator fabric-1.21.1][m Closing Gradle project connection
[37m2026-09-10-23:12:18[m [32m[Thread-2200/INFO][m [34m[Workspace File Manager/STAGE15_RUN37_UI][m Saving the workspace by direct request
[37m2026-09-10-23:12:18[m [36m[Thread-2200/DEBUG][m [34m[Workspace File Manager/STAGE15_RUN37_UI][m Workspace stored on the FS
[37m2026-09-10-23:12:18[m [36m[Thread-2200/DEBUG][m [34m[Workspace user settings][m Storing user workspace settings
[37m2026-09-10-23:12:18[m [36m[AWT-EventQueue-0/DEBUG][m [34m[net.mcreator.workspace.localhistory.GitHistoryBackend][m Loading local history repository
[37m2026-09-10-23:12:18[m [36m[GitHistoryBackend/DEBUG][m [34m[net.mcreator.workspace.localhistory.GitHistoryBackend][m Initialized local history repository in 23 ms
[37m2026-09-10-23:12:18[m [32m[AWT-EventQueue-0/INFO][m [34m[Generator fabric-1.21.1][m Gradle cache will be loaded from cache file
[37m2026-09-10-23:12:18[m [36m[AWT-EventQueue-0/DEBUG][m [34m[net.mcreator.java.ProjectJarManager][m Loading JVM Eclipse Adoptium 21.0.12 info from /opt/copperbench/jdk21
[37m2026-09-10-23:12:18[m [36m[AWT-EventQueue-0/DEBUG][m [34m[net.mcreator.java.ProjectJarManager][m Loaded JVM info of type ModulesFileLibraryInfo
[37m2026-09-10-23:12:18[m [32m[AWT-EventQueue-0/INFO][m [34m[Workspace][m Loaded workspace file /home/stage15/MCreatorWorkspaces/stage15_run37_ui/stage15_run37_ui.mcreator
[37m2026-09-10-23:12:18[m [32m[AWT-EventQueue-0/INFO][m [34m[MCreator][m Opening MCreator workspace: stage15_run37_ui
[37m2026-09-10-23:12:18[m [1;31m[AWT-EventQueue-0/ERROR][m [34m[STDERR][m Sep 10, 2026 11:12:18 PM org.apache.coyote.AbstractProtocol init
INFO: Initializing ProtocolHandler ["http-nio-127.0.0.1-auto-2"]
[37m2026-09-10-23:12:18[m [1;31m[AWT-EventQueue-0/ERROR][m [34m[STDERR][m Sep 10, 2026 11:12:18 PM org.apache.catalina.core.StandardService startInternal
INFO: Starting service [Tomcat]
[37m2026-09-10-23:12:18[m [1;31m[AWT-EventQueue-0/ERROR][m [34m[STDERR][m Sep 10, 2026 11:12:18 PM org.apache.catalina.core.StandardEngine startInternal
INFO: Starting Servlet engine: [Apache Tomcat/11.0.2]
[37m2026-09-10-23:12:18[m [1;31m[AWT-EventQueue-0/ERROR][m [34m[STDERR][m Sep 10, 2026 11:12:18 PM org.apache.coyote.AbstractProtocol start
INFO: Starting ProtocolHandler ["http-nio-127.0.0.1-auto-2-45071"]
[37m2026-09-10-23:12:18[m [32m[AWT-EventQueue-0/INFO][m [34m[MCreator][m Copperbench product shell enabled for workspace stage15_run37_ui
[37m2026-09-10-23:12:48[m [36m[Workspace-File-Manager/DEBUG][m [34m[Workspace File Manager/STAGE15_RUN37_UI][m Workspace stored on the FS
[11349:11355:0910/231346.078558:ERROR:net/socket/ssl_client_socket_impl.cc:878] handshake failed; returned -1, SSL error code 1, net_error -101
[11349:11355:0910/231407.296370:ERROR:net/socket/ssl_client_socket_impl.cc:878] handshake failed; returned -1, SSL error code 1, net_error -101
[37m2026-09-10-23:15:02[m [32m[Thread-2976/INFO][m [34m[Workspace File Manager/STAGE15_RUN37_UI][m Saving the workspace by direct request
[37m2026-09-10-23:15:02[m [36m[Thread-2976/DEBUG][m [34m[Workspace File Manager/STAGE15_RUN37_UI][m Workspace stored on the FS
[37m2026-09-10-23:16:23[m [32m[Thread-3849/INFO][m [34m[Workspace File Manager/STAGE15_RUN37_UI][m Saving the workspace by direct request
[37m2026-09-10-23:16:24[m [36m[Thread-3849/DEBUG][m [34m[Workspace File Manager/STAGE15_RUN37_UI][m Workspace stored on the FS
[37m2026-09-10-23:17:15[m [32m[AWT-EventQueue-0/INFO][m [34m[MCreator][m Closing MCreator window ...
[37m2026-09-10-23:17:15[m [1;31m[AWT-EventQueue-0/ERROR][m [34m[STDERR][m Sep 10, 2026 11:17:15 PM org.apache.coyote.AbstractProtocol pause
INFO: Pausing ProtocolHandler ["http-nio-127.0.0.1-auto-2-45071"]
[37m2026-09-10-23:17:15[m [1;31m[AWT-EventQueue-0/ERROR][m [34m[STDERR][m Sep 10, 2026 11:17:15 PM org.apache.catalina.core.StandardService stopInternal
INFO: Stopping service [Tomcat]
[37m2026-09-10-23:17:15[m [1;31m[AWT-EventQueue-0/ERROR][m [34m[STDERR][m Sep 10, 2026 11:17:15 PM org.apache.coyote.AbstractProtocol stop
INFO: Stopping ProtocolHandler ["http-nio-127.0.0.1-auto-2-45071"]
[37m2026-09-10-23:17:15[m [1;31m[AWT-EventQueue-0/ERROR][m [34m[STDERR][m Sep 10, 2026 11:17:15 PM org.apache.coyote.AbstractProtocol destroy
INFO: Destroying ProtocolHandler ["http-nio-127.0.0.1-auto-2-45071"]
[37m2026-09-10-23:17:15[m [32m[AWT-EventQueue-0/INFO][m [34m[Workspace][m Closing workspace
[37m2026-09-10-23:17:15[m [32m[AWT-EventQueue-0/INFO][m [34m[Workspace File Manager/STAGE15_RUN37_UI][m Saving the workspace by direct request
[37m2026-09-10-23:17:15[m [36m[AWT-EventQueue-0/DEBUG][m [34m[Workspace File Manager/STAGE15_RUN37_UI][m Workspace stored on the FS
[37m2026-09-10-23:17:15[m [36m[AWT-EventQueue-0/DEBUG][m [34m[Workspace user settings][m Storing user workspace settings
[37m2026-09-10-23:17:59[m [32m[AWT-EventQueue-0/INFO][m [34m[MCreator][m Closing MCreator window ...
[37m2026-09-10-23:17:59[m [1;31m[AWT-EventQueue-0/ERROR][m [34m[STDERR][m Sep 10, 2026 11:17:59 PM org.apache.coyote.AbstractProtocol pause
INFO: Pausing ProtocolHandler ["http-nio-127.0.0.1-auto-1-46329"]
[37m2026-09-10-23:17:59[m [1;31m[AWT-EventQueue-0/ERROR][m [34m[STDERR][m Sep 10, 2026 11:17:59 PM org.apache.catalina.core.StandardService stopInternal
INFO: Stopping service [Tomcat]
[37m2026-09-10-23:17:59[m [1;31m[AWT-EventQueue-0/ERROR][m [34m[STDERR][m Sep 10, 2026 11:17:59 PM org.apache.coyote.AbstractProtocol stop
INFO: Stopping ProtocolHandler ["http-nio-127.0.0.1-auto-1-46329"]
[37m2026-09-10-23:17:59[m [1;31m[AWT-EventQueue-0/ERROR][m [34m[STDERR][m Sep 10, 2026 11:17:59 PM org.apache.coyote.AbstractProtocol destroy
INFO: Destroying ProtocolHandler ["http-nio-127.0.0.1-auto-1-46329"]
[37m2026-09-10-23:17:59[m [32m[AWT-EventQueue-0/INFO][m [34m[Workspace][m Closing workspace
[37m2026-09-10-23:17:59[m [32m[AWT-EventQueue-0/INFO][m [34m[Workspace File Manager/STAGE15_FABRIC_WAYLAND][m Saving the workspace by direct request
[37m2026-09-10-23:17:59[m [36m[AWT-EventQueue-0/DEBUG][m [34m[Workspace File Manager/STAGE15_FABRIC_WAYLAND][m Workspace stored on the FS
[37m2026-09-10-23:17:59[m [36m[AWT-EventQueue-0/DEBUG][m [34m[Workspace user settings][m Storing user workspace settings
[37m2026-09-10-23:17:59[m [36m[AWT-EventQueue-0/DEBUG][m [34m[Application][m Closing any potentially open MCreator windows
[37m2026-09-10-23:17:59[m [36m[AWT-EventQueue-0/DEBUG][m [34m[Application][m Performing exit tasks
[37m2026-09-10-23:17:59[m [36m[AWT-EventQueue-0/DEBUG][m [34m[Application][m Stopping AWT thread
[37m2026-09-10-23:18:00[m [36m[AWT-EventQueue-0/DEBUG][m [34m[Application][m Exiting Copperbench
