2026-09-12-15:17:22 [main/INFO] [Launcher] Starting Copperbench 0.1.0 with MCreator core 2026.2.99999 - 202600299999
2026-09-12-15:17:22 [main/INFO] [Launcher] Java version: 25.0.2+10-b329.117, VM: OpenJDK 64-Bit Server VM, vendor: JetBrains s.r.o.
2026-09-12-15:17:22 [main/INFO] [Launcher] Current JAVA_HOME for running instance: /opt/copperbench/jdk
2026-09-12-15:17:22 [main/DEBUG] [Preferences Manager] Loading preferences from core
2026-09-12-15:17:22 [main/INFO] [Launcher] Installation path: /opt/copperbench
2026-09-12-15:17:22 [main/INFO] [Launcher] User data directory of Copperbench: /home/stage15/s16-cold-fixed/home/.copperbench
2026-09-12-15:17:22 [main/DEBUG] [Plugin Loader] Searching for plugins in: ./plugins
2026-09-12-15:17:22 [main/DEBUG] [Plugin Loader] Searching for plugins in: /home/stage15/s16-cold-fixed/home/.copperbench/plugins
2026-09-12-15:17:22 [main/INFO] [Plugin Loader] Loading plugin: generator-26.2 from ./plugins/generator-26.2.zip, weight: 13
2026-09-12-15:17:22 [main/INFO] [Plugin Loader] Loading plugin: generator-fabric-26.2 from ./plugins/generator-fabric-26.2.zip, weight: 12
2026-09-12-15:17:22 [main/INFO] [Plugin Loader] Loading plugin: generator-fabric-26.1.2 from ./plugins/generator-fabric-26.1.2.zip, weight: 11
2026-09-12-15:17:22 [main/INFO] [Plugin Loader] Loading plugin: themes from ./plugins/mcreator-themes.zip, weight: 10
2026-09-12-15:17:22 [main/INFO] [Plugin Loader] Loading plugin: generator-1.20.1 from ./plugins/generator-1.20.1.zip, weight: 10
2026-09-12-15:17:22 [main/INFO] [Plugin Loader] Loading plugin: core from ./plugins/mcreator-core.zip, weight: 10
2026-09-12-15:17:22 [main/INFO] [Plugin Loader] Loading plugin: localization from ./plugins/mcreator-localization.zip, weight: 10
2026-09-12-15:17:22 [main/INFO] [Plugin Loader] Loading plugin: generator-1.21.1 from ./plugins/generator-1.21.1.zip, weight: 0
2026-09-12-15:17:22 [main/INFO] [Plugin Loader] Loading plugin: mcreator-link from ./plugins/mcreator-link.zip, weight: 0
2026-09-12-15:17:22 [main/INFO] [Plugin Loader] Loading plugin: generator-26.1.x from ./plugins/generator-26.1.x.zip, weight: 0
2026-09-12-15:17:22 [main/INFO] [Plugin Loader] Loading plugin: generator-addon-26.1x from ./plugins/generator-addon-26.1x.zip, weight: 0
2026-09-12-15:17:22 [main/DEBUG] [Theme Loader] Loading UI themes
2026-09-12-15:17:23 [main/INFO] [Theme Loader] Using MCreator UI theme: default_dark
2026-09-12-15:17:23 [main/INFO] [L10N] Setting default locale to: en_US; OS locale: en_US
2026-09-12-15:17:23 [main/DEBUG] [Data List Loader] Added damagesources datamap to cache
2026-09-12-15:17:23 [main/DEBUG] [Data List Loader] Added potions datamap to cache
2026-09-12-15:17:23 [main/DEBUG] [Data List Loader] Added itemtypes datamap to cache
2026-09-12-15:17:23 [main/DEBUG] [Data List Loader] Added defaultfeatures datamap to cache
2026-09-12-15:17:23 [main/DEBUG] [Data List Loader] Added configuredfeatures datamap to cache
2026-09-12-15:17:23 [main/DEBUG] [Data List Loader] Added be_biometags datamap to cache
2026-09-12-15:17:23 [main/DEBUG] [Data List Loader] Added blocksitems datamap to cache
2026-09-12-15:17:23 [main/DEBUG] [Data List Loader] Added tabs datamap to cache
2026-09-12-15:17:23 [main/DEBUG] [Data List Loader] Added projectiles datamap to cache
2026-09-12-15:17:23 [main/DEBUG] [Data List Loader] Added gameevents datamap to cache
2026-09-12-15:17:23 [main/DEBUG] [Data List Loader] Added itemuseanimations datamap to cache
2026-09-12-15:17:23 [main/DEBUG] [Data List Loader] Added fluids datamap to cache
2026-09-12-15:17:23 [main/DEBUG] [Data List Loader] Added planttypes datamap to cache
2026-09-12-15:17:23 [main/DEBUG] [Data List Loader] Added gamemodes datamap to cache
2026-09-12-15:17:23 [main/DEBUG] [Data List Loader] Added entities datamap to cache
2026-09-12-15:17:23 [main/DEBUG] [Data List Loader] Added eventparameters datamap to cache
2026-09-12-15:17:23 [main/DEBUG] [Data List Loader] Added attributes datamap to cache
2026-09-12-15:17:23 [main/DEBUG] [Data List Loader] Added stepsounds datamap to cache
2026-09-12-15:17:23 [main/DEBUG] [Data List Loader] Added biomes datamap to cache
2026-09-12-15:17:23 [main/DEBUG] [Data List Loader] Added soundcategories datamap to cache
2026-09-12-15:17:23 [main/DEBUG] [Data List Loader] Added blockstateproperties datamap to cache
2026-09-12-15:17:23 [main/DEBUG] [Data List Loader] Added mapcolors datamap to cache
2026-09-12-15:17:23 [main/DEBUG] [Data List Loader] Added pathnodetypes datamap to cache
2026-09-12-15:17:23 [main/DEBUG] [Data List Loader] Added dimensions datamap to cache
2026-09-12-15:17:23 [main/DEBUG] [Data List Loader] Added achievements datamap to cache
2026-09-12-15:17:23 [main/DEBUG] [Data List Loader] Added enchantments datamap to cache
2026-09-12-15:17:23 [main/DEBUG] [Data List Loader] Added particles datamap to cache
2026-09-12-15:17:23 [main/DEBUG] [Data List Loader] Added directions datamap to cache
2026-09-12-15:17:23 [main/DEBUG] [Data List Loader] Added equipmentslots datamap to cache
2026-09-12-15:17:23 [main/DEBUG] [Data List Loader] Added gamerules datamap to cache
2026-09-12-15:17:23 [main/DEBUG] [Data List Loader] Added noteblockinstruments datamap to cache
2026-09-12-15:17:24 [main/DEBUG] [Data List Loader] Added keybuttons datamap to cache
2026-09-12-15:17:24 [main/DEBUG] [Data List Loader] Added sounds datamap to cache
2026-09-12-15:17:24 [main/DEBUG] [Data List Loader] Added mobspawntypes datamap to cache
2026-09-12-15:17:24 [main/DEBUG] [Data List Loader] Added screens datamap to cache
2026-09-12-15:17:24 [main/DEBUG] [Data List Loader] Added villagerprofessions datamap to cache
2026-09-12-15:17:24 [main/DEBUG] [Data List Loader] Added be_biomes datamap to cache
2026-09-12-15:17:24 [main/DEBUG] [Data List Loader] Added generationsteps datamap to cache
2026-09-12-15:17:24 [main/DEBUG] [Data List Loader] Added effects datamap to cache
2026-09-12-15:17:24 [main/DEBUG] [Data List Loader] Added itemproperties datamap to cache
2026-09-12-15:17:24 [main/DEBUG] [Data List Loader] Added structures datamap to cache
2026-09-12-15:17:24 [main/DEBUG] [Data List Loader] Added suggestionproviders datamap to cache
2026-09-12-15:17:24 [main/DEBUG] [Data List Loader] Added animations datamap to cache
2026-09-12-15:17:24 [main/DEBUG] [Mod API manager] Loaded mod API definition: mcreator_link
2026-09-12-15:17:24 [main/DEBUG] [Variable loader] Loading variable types
2026-09-12-15:17:24 [main/DEBUG] [Blockly JavaScript Files loader] Loading Blockly JavaScript files from plugins
2026-09-12-15:17:24 [main/DEBUG] [Blockly Toolboxes loader] Loading Blockly toolboxes from plugins
2026-09-12-15:17:24 [main/DEBUG] [Blockly loader] Loading blocks for procedures
2026-09-12-15:17:24 [main/DEBUG] [Blockly loader] Loading blocks for aitasks
2026-09-12-15:17:24 [main/DEBUG] [Blockly loader] Loading blocks for jsontriggers
2026-09-12-15:17:24 [main/DEBUG] [Blockly loader] Loading blocks for cmdargs
2026-09-12-15:17:24 [main/DEBUG] [Blockly loader] Loading blocks for features
2026-09-12-15:17:24 [main/DEBUG] [Blockly loader] Loading blocks for scripts
2026-09-12-15:17:24 [main/DEBUG] [Blockly loader] Loading blocks for enchantmenteffects
2026-09-12-15:17:24 [main/DEBUG] [Entity Animations Loader] Loading entity animations
2026-09-12-15:17:24 [main/DEBUG] [Data List Loader] Added features datamap to cache
2026-09-12-15:17:24 [main/DEBUG] [Data List Loader] Added types datamap to cache
2026-09-12-15:17:25 [main/INFO] [dev.copperbench.gradle.GradleDistributionPool] Reused Gradle 9.7.0 from /opt/copperbench/gradle-dists/gradle-9.7.0-bin/bundled into /home/stage15/s16-cold-fixed/home/.copperbench/gradle/wrapper/dists/gradle-9.7.0-bin/d4tj7w02tcgubx9zk9hbippn6
2026-09-12-15:17:25 [main/INFO] [dev.copperbench.gradle.GradleDistributionPool] Reused Gradle 9.7.0 from /home/stage15/s16-cold-fixed/home/.copperbench/gradle/wrapper/dists/gradle-9.7.0-bin/d4tj7w02tcgubx9zk9hbippn6 into /home/stage15/s16-cold-fixed/home/.copperbench/gradle/wrapper/dists/gradle-9.7.0-bin/6lo5v7m69k2fyj2mb4v455sou
2026-09-12-15:17:25 [main/INFO] [dev.copperbench.gradle.GradleDistributionPool] Reused Gradle 9.6.1 from /opt/copperbench/gradle-dists/gradle-9.6.1-bin/bundled into /home/stage15/s16-cold-fixed/home/.copperbench/gradle/wrapper/dists/gradle-9.6.1-bin/4ticwg1pgcbps2hj28r8so764
2026-09-12-15:17:25 [main/INFO] [dev.copperbench.gradle.GradleDistributionPool] Reused Gradle 9.6.1 from /home/stage15/s16-cold-fixed/home/.copperbench/gradle/wrapper/dists/gradle-9.6.1-bin/4ticwg1pgcbps2hj28r8so764 into /home/stage15/s16-cold-fixed/home/.copperbench/gradle/wrapper/dists/gradle-9.6.1-bin/2124gttviq9sxssgv0arx8fr2
2026-09-12-15:17:26 [main/INFO] [dev.copperbench.gradle.GradleDistributionPool] Reused Gradle 8.8 from /opt/copperbench/gradle-dists/gradle-8.8-bin/bundled into /home/stage15/s16-cold-fixed/home/.copperbench/gradle/wrapper/dists/gradle-8.8-bin/dl7vupf4psengwqhwktix4v1
2026-09-12-15:17:26 [main/INFO] [dev.copperbench.gradle.GradleDistributionPool] Reused Gradle 8.8 from /home/stage15/s16-cold-fixed/home/.copperbench/gradle/wrapper/dists/gradle-8.8-bin/dl7vupf4psengwqhwktix4v1 into /home/stage15/s16-cold-fixed/home/.copperbench/gradle/wrapper/dists/gradle-8.8-bin/rjimvpy5n4loeuv6cnojwm02
2026-09-12-15:17:26 [main/DEBUG] [net.mcreator.workspace.localhistory.GitHistoryBackend] Loading local history repository
2026-09-12-15:17:26 [main/INFO] [Workspace File Manager/STAGE16_COLD] Saving the workspace by direct request
2026-09-12-15:17:26 [main/DEBUG] [Workspace File Manager/STAGE16_COLD] Workspace stored on the FS
2026-09-12-15:17:26 [main/INFO] [Workspace] Created new workspace with workspace file /home/stage15/s16-cold-fixed/workspace/stage16_cold.mcreator, modid: stage16_cold, generator: fabric-1.21.1
2026-09-12-15:17:26 [main/INFO] [dev.copperbench.generator.BundledJdkLocator] Bundled JDK resolved: distributionRoot=/opt/copperbench, javaRelease=21, resolvedJavaHome=/opt/copperbench/jdk21, attempted=[/opt/copperbench/jdk21], java.home=/opt/copperbench/jdk, user.dir=/opt/copperbench
2026-09-12-15:17:26 [main/WARN] [net.mcreator.gradle.GradleUtils] Using java home override specified by users!
2026-09-12-15:17:29 [GitHistoryBackend/DEBUG] [net.mcreator.workspace.localhistory.GitHistoryBackend] Initialized local history repository in 3095 ms
2026-09-12-15:20:01 [main/INFO] [Workspace] Closing workspace
2026-09-12-15:20:01 [main/INFO] [Generator fabric-1.21.1] Closing Gradle project connection
2026-09-12-15:20:01 [main/INFO] [Workspace File Manager/STAGE16_COLD] Saving the workspace by direct request
2026-09-12-15:20:01 [main/DEBUG] [Workspace File Manager/STAGE16_COLD] Workspace stored on the FS
2026-09-12-15:20:01 [main/DEBUG] [Workspace user settings] Storing user workspace settings
